{
  "status": "PASS",
  "results": [
    {
      "format": "html",
      "width": 1440,
      "positions": [
        {
          "id": "bridge-preferences-norms-and-enforcement-are-different",
          "top": 8609.9375
        },
        {
          "id": "group-identity-changes-the-social-boundary",
          "top": 9940.953125
        },
        {
          "id": "superordinate-goals-and-cooperation",
          "top": 10548.59375
        },
        {
          "id": "common-ingroup-identity",
          "top": 10997.484375
        },
        {
          "id": "application-build-cooperation-around-the-diagnosed-failure",
          "top": 12465.34375
        }
      ],
      "citations": [
        {
          "name": "Balliet",
          "present": true
        },
        {
          "name": "Sherif",
          "present": true
        },
        {
          "name": "Gaertner",
          "present": true
        },
        {
          "name": "Levine",
          "present": true
        },
        {
          "name": "Dovidio",
          "present": true
        },
        {
          "name": "Tajfel",
          "present": true
        },
        {
          "name": "Chen",
          "present": true
        }
      ],
      "tableRows": 5,
      "horizontalTableScroll": [],
      "scrollWidth": 1440,
      "viewport": 1440,
      "issues": []
    },
    {
      "format": "html",
      "width": 390,
      "positions": [
        {
          "id": "bridge-preferences-norms-and-enforcement-are-different",
          "top": 16695.296875
        },
        {
          "id": "group-identity-changes-the-social-boundary",
          "top": 19370.765625
        },
        {
          "id": "superordinate-goals-and-cooperation",
          "top": 20645.421875
        },
        {
          "id": "common-ingroup-identity",
          "top": 21703.890625
        },
        {
          "id": "application-build-cooperation-around-the-diagnosed-failure",
          "top": 24858.65625
        }
      ],
      "citations": [
        {
          "name": "Balliet",
          "present": true
        },
        {
          "name": "Sherif",
          "present": true
        },
        {
          "name": "Gaertner",
          "present": true
        },
        {
          "name": "Levine",
          "present": true
        },
        {
          "name": "Dovidio",
          "present": true
        },
        {
          "name": "Tajfel",
          "present": true
        },
        {
          "name": "Chen",
          "present": true
        }
      ],
      "tableRows": 5,
      "horizontalTableScroll": [
        {
          "available": 155,
          "reached": 155
        }
      ],
      "scrollWidth": 390,
      "viewport": 390,
      "issues": []
    },
    {
      "format": "epub",
      "width": 1440,
      "positions": [
        {
          "id": "bridge-preferences-norms-and-enforcement-are-different",
          "top": 5205.34375
        },
        {
          "id": "group-identity-changes-the-social-boundary",
          "top": 5702.78125
        },
        {
          "id": "superordinate-goals-and-cooperation",
          "top": 5945.40625
        },
        {
          "id": "common-ingroup-identity",
          "top": 6162.84375
        },
        {
          "id": "application-build-cooperation-around-the-diagnosed-failure",
          "top": 6826.90625
        }
      ],
      "citations": [
        {
          "name": "Balliet",
          "present": true
        },
        {
          "name": "Sherif",
          "present": true
        },
        {
          "name": "Gaertner",
          "present": true
        },
        {
          "name": "Levine",
          "present": true
        },
        {
          "name": "Dovidio",
          "present": true
        },
        {
          "name": "Tajfel",
          "present": true
        },
        {
          "name": "Chen",
          "present": true
        }
      ],
      "tableRows": 5,
      "horizontalTableScroll": [],
      "scrollWidth": 1440,
      "viewport": 1440,
      "issues": []
    },
    {
      "format": "epub",
      "width": 390,
      "positions": [
        {
          "id": "bridge-preferences-norms-and-enforcement-are-different",
          "top": 8901.625
        },
        {
          "id": "group-identity-changes-the-social-boundary",
          "top": 10087.15625
        },
        {
          "id": "superordinate-goals-and-cooperation",
          "top": 10735.78125
        },
        {
          "id": "common-ingroup-identity",
          "top": 11281.21875
        },
        {
          "id": "application-build-cooperation-around-the-diagnosed-failure",
          "top": 12831.28125
        }
      ],
      "citations": [
        {
          "name": "Balliet",
          "present": true
        },
        {
          "name": "Sherif",
          "present": true
        },
        {
          "name": "Gaertner",
          "present": true
        },
        {
          "name": "Levine",
          "present": true
        },
        {
          "name": "Dovidio",
          "present": true
        },
        {
          "name": "Tajfel",
          "present": true
        },
        {
          "name": "Chen",
          "present": true
        }
      ],
      "tableRows": 5,
      "horizontalTableScroll": [],
      "scrollWidth": 390,
      "viewport": 390,
      "issues": []
    }
  ],
  "limit": "Extracted EPUB inspected in Chromium; native EPUB reader pagination not tested."
}
