
[ 1/62] index.qmd

[ 2/62] how-to-use-this-book.qmd

[ 3/62] how-to-read-evidence.qmd

[ 4/62] parts/part-1.qmd

[ 5/62] chapters/01-understanding-decision-making.qmd

[ 6/62] chapters/02-structuring-a-decision.qmd

[ 7/62] chapters/03-limited-attention.qmd

[ 8/62] chapters/04-predictive-mind.qmd

[ 9/62] chapters/05-expectations.qmd

[10/62] chapters/06-valuation.qmd

[11/62] chapters/07-rationalization.qmd

[12/62] parts/part-2.qmd

[13/62] chapters/08-intuition-and-deliberation.qmd

[14/62] chapters/09-availability-affect-and-representativeness.qmd

[15/62] chapters/10-confirmation-bias-and-motivated-reasoning.qmd

[16/62] chapters/11-anchors-halos-and-decoys.qmd

[17/62] chapters/12-framing.qmd

[18/62] chapters/13-priming-fluency-and-familiarity.qmd

[19/62] chapters/14-base-rates-and-bayesian-updating.qmd

[20/62] chapters/15-randomness-and-overconfidence.qmd

[21/62] parts/part-3.qmd

[22/62] chapters/16-risk-and-uncertainty.qmd

[23/62] chapters/17-prospect-theory.qmd

[24/62] chapters/18-decisions-from-experience.qmd

[25/62] chapters/19-mental-accounting.qmd

[26/62] chapters/20-intertemporal-decision-making.qmd

[27/62] chapters/21-habits-wanting-and-self-control.qmd

[28/62] chapters/22-deciding-for-a-better-life.qmd

[29/62] parts/part-4.qmd

[30/62] chapters/23-strategic-interdependence.qmd

[31/62] chapters/24-coordination-and-focal-points.qmd

[32/62] chapters/25-cooperation-and-social-preferences.qmd

[33/62] chapters/26-social-norms-and-conformity.qmd

[34/62] chapters/27-markets-mispricing-and-bubbles.qmd

[35/62] chapters/28-social-influence.qmd

[36/62] chapters/29-culture-and-identity.qmd

[37/62] parts/part-5.qmd

[38/62] chapters/30-persuasion.qmd

[39/62] chapters/31-storytelling.qmd

[40/62] chapters/32-message-design.qmd

[41/62] chapters/33-communication.qmd

[42/62] chapters/34-connection.qmd

[43/62] parts/part-6.qmd

[44/62] chapters/35-negotiation-as-joint-decision-making.qmd

[45/62] chapters/36-distributive-negotiation.qmd

[46/62] chapters/37-integrative-negotiation.qmd

[47/62] chapters/38-designing-better-agreements.qmd

[48/62] parts/part-7.qmd

[49/62] chapters/39-behavior-design.qmd

[50/62] chapters/40-choice-architecture.qmd

[51/62] chapters/41-decision-hygiene.qmd

[52/62] chapters/42-deciding-with-data-and-ai.qmd

[53/62] appendices/appendix-a-rational-choice-and-decision-analysis.qmd

[54/62] appendices/appendix-b-evolutionary-explanations-of-value-choice-and-rationality.qmd

[55/62] appendices/appendix-literature-review.qmd

[56/62] appendices/appendix-e-how-behavioral-evidence-is-built.qmd

[57/62] appendices/appendix-f-when-evidence-breaks.qmd

[58/62] appendices/appendix-c-portable-course-tools.qmd

[59/62] appendices/appendix-d-index-of-major-course-examples.qmd

[60/62] references.qmd

[61/62] concept-index.qmd

[62/62] about.qmd

Running script 'python3'
Normalized staged EPUB navigation: 7 Parts, 42 numbered chapters
Copied staged EPUB to /Users/ra25fi/Library/CloudStorage/OneDrive-AalborgUniversitet/decision_book/docs/Decision-in-the-Making.epub

Output created: docs/index.html
