pandoc 
  to: html
  output-file: references.html
  standalone: true
  toc: true
  number-sections: false
  title-prefix: Decision in the Making
  section-divs: true
  html-math-method: mathjax
  wrap: none
  default-image-extension: png
  toc-depth: 3
  
metadata
  crossref:
    chapters: true
  document-css: false
  link-citations: true
  lang: en
  date-format: MMMM D, YYYY
  number-depth: 0
  editor:
    markdown:
      wrap: none
      canonical: true
  theme:
    - cosmo
    - quarto-custom.scss
  smooth-scroll: true
  code-copy: false
  minimal: true
  comments:
    giscus:
      repo: warrenchang/decisionbook
      repo-id: R_kgDOTpqPRg
      category: Announcements
      category-id: DIC_kwDOTpqPRs4DCa1q
      mapping: pathname
      reactions-enabled: true
      input-position: top
      loading: lazy
      language: en
      theme: light
      baseTheme: light
      altTheme: dark_dimmed
  hide-description: true
  title: References
  description: Visible choices are only the endpoint. This book follows decisions in the making—from attention, interpretation, prediction, and valuation to influence, communication, negotiation, and the design of environments that make better judgment and action possible.
  
Normalized staged EPUB navigation: 7 Parts, 42 numbered chapters
Copied staged EPUB to /Users/ra25fi/Library/CloudStorage/OneDrive-AalborgUniversitet/decision_book/docs/Decision-in-the-Making.epub

Output created: docs/references.html

