
[ 1/61] index.qmd

[ 2/61] how-to-use-this-book.qmd

[ 3/61] how-to-read-evidence.qmd

[ 4/61] parts/part-1.qmd

[ 5/61] chapters/01-how-decisions-should-be-made-and-how-they-actually-are.qmd

[ 6/61] chapters/02-building-a-better-decision-alternatives-opportunity-cost-information-and-robustness.qmd

[ 7/61] chapters/03-attention-what-becomes-evidence.qmd

[ 8/61] chapters/04-the-predictive-mind-perception-is-inference.qmd

[ 9/61] chapters/05-expectations-when-predictions-become-causes.qmd

[10/61] chapters/06-valuation-how-options-become-worth-choosing.qmd

[11/61] chapters/07-the-narrator-after-choice-why-reasons-are-not-always-causes.qmd

[12/61] parts/part-2.qmd

[13/61] chapters/08-fast-and-frugal-thinking.qmd

[14/61] chapters/09-what-feels-likely-availability-affect-and-resemblance.qmd

[15/61] chapters/10-beliefs-that-defend-themselves.qmd

[16/61] chapters/11-when-context-rewrites-comparison.qmd

[17/61] chapters/12-framing-when-the-same-facts-become-different-decisions.qmd

[18/61] chapters/13-accessibility-familiarity-and-ease.qmd

[19/61] chapters/14-base-rates-conditional-probability-and-bayesian-updating.qmd

[20/61] chapters/15-samples-randomness-regression-and-calibration.qmd

[21/61] parts/part-3.qmd

[22/61] chapters/16-risky-decision-making-a-probability-is-not-yet-a-feeling.qmd

[23/61] chapters/17-prospect-theory-gains-and-losses-begin-at-a-reference-point.qmd

[24/61] chapters/18-decisions-from-experience-when-rare-events-are-not-encountered.qmd

[25/61] chapters/19-intertemporal-decision-making-why-later-loses-to-now.qmd

[26/61] chapters/20-mental-accounting-money-is-fungible-minds-label-it.qmd

[27/61] chapters/21-habits-wanting-and-self-control.qmd

[28/61] chapters/22-deciding-for-a-better-life-satisfaction-connection-and-meaning.qmd

[29/61] parts/part-4.qmd

[30/61] chapters/23-strategic-interdependence-the-best-move-depends-on-other-minds.qmd

[31/61] chapters/24-behavioral-game-theory-equilibrium-is-a-benchmark-not-a-portrait.qmd

[32/61] chapters/25-cooperation-and-social-preferences-self-interest-is-not-the-only-payoff.qmd

[33/61] chapters/26-social-norms-and-conformity-when-other-people-become-evidence.qmd

[34/61] chapters/27-markets-mispricing-and-bubbles.qmd

[35/61] chapters/28-authority-groupthink-and-shared-responsibility.qmd

[36/61] chapters/29-culture-and-identity-the-same-action-is-not-the-same-act.qmd

[37/61] parts/part-5.qmd

[38/61] chapters/30-persuasion-changing-minds-means-updating-models.qmd

[39/61] chapters/31-why-stories-move-minds.qmd

[40/61] chapters/32-building-an-evidence-aligned-message.qmd

[41/61] chapters/33-communication-language-is-not-a-file-transfer.qmd

[42/61] chapters/34-connection-and-repair-warm-honesty-makes-truth-usable.qmd

[43/61] parts/part-6.qmd

[44/61] chapters/35-negotiation-as-joint-decision-design.qmd

[45/61] chapters/36-preparing-and-claiming-value.qmd

[46/61] chapters/37-creating-value-across-differences.qmd

[47/61] chapters/38-designing-better-agreements.qmd

[48/61] parts/part-7.qmd

[49/61] chapters/39-behavior-design-make-the-better-action-easier.qmd

[50/61] chapters/40-choice-architecture-the-environment-gets-a-vote.qmd

[51/61] chapters/41-decision-hygiene-build-a-process-that-can-learn.qmd

[52/61] chapters/42-data-driven-decision-making.qmd

[53/61] appendices/appendix-a-rational-choice-and-decision-analysis.qmd

[54/61] appendices/appendix-b-evolutionary-explanations-of-value-choice-and-rationality.qmd

[55/61] appendices/appendix-c-portable-course-tools.qmd

[56/61] appendices/appendix-d-index-of-major-course-examples.qmd

[57/61] appendices/appendix-e-how-behavioral-evidence-is-built.qmd

[58/61] appendices/appendix-f-when-evidence-breaks.qmd

[59/61] references.qmd

[60/61] concept-index.qmd

[61/61] about.qmd

pandoc
  to: epub
  output-file: Decision-in-the-Making.epub
  toc: true
  number-sections: true
  default-image-extension: png
  html-math-method: mathml
  css:
    - epub-custom.css
  toc-depth: 1
  epub-cover-image: figures/cover.png

metadata
  crossref:
    chapters: true
  lang: en
  date-format: MMMM D, YYYY
  number-depth: 1
  editor:
    markdown:
      wrap: none
      canonical: true
  identifier:
    scheme: URN
    text: urn:uuid:d5f0cd81-a793-488a-87d3-47257fdb4c0d
  publisher: Huanren Warren Zhang
  rights: © 2026 Huanren Warren Zhang. All rights reserved.
  subject:
    - Decision science
    - Behavioral economics
    - Persuasion
    - Communication
    - Negotiation
    - Behavior design
  accessModes:
    - textual
    - visual
  accessModeSufficient:
    - textual,visual
  accessibilityFeatures:
    - alternativeText
    - readingOrder
    - structuralNavigation
    - tableOfContents
    - MathML
  accessibilityHazards:
    - none
  accessibilitySummary: This EPUB provides structural navigation, a table of contents, MathML for equations, and alternative text for informative images. Complex figures and tables may be easier to inspect on a larger screen.
  ibooks:
    version: 2026.09.12
  minimal: true
  page-layout: full
  comments: false
  title: Decision in the Making
  subtitle: The Behavioral Science of Choice, Influence, and Agreement
  author: Huanren Warren Zhang
  date: '2026-09-12T00:00:00+02:00'
  description: Visible choices are only the endpoint. This book follows decisions in the making—from attention, interpretation, prediction, and valuation to influence, communication, negotiation, and the design of environments that make better judgment and action possible.

Running script 'python3'
Normalized staged EPUB navigation: 7 Parts, 42 numbered chapters
Copied staged EPUB to /Users/ra25fi/Library/CloudStorage/OneDrive-AalborgUniversitet/decision_book/docs/Decision-in-the-Making.epub

Output created: _epub/Decision-in-the-Making.epub
