epub 35 1440 tbl-negotiation-high-low-road: PASS
epub 35 1440 tbl-negotiation-principled: PASS
epub 35 1440 tbl-negotiation-cultural-goals: PASS
epub 35 1440 tbl-negotiation-status-authority: PASS
epub 35 390 tbl-negotiation-high-low-road: PASS
epub 35 390 tbl-negotiation-principled: PASS
epub 35 390 tbl-negotiation-cultural-goals: PASS
epub 35 390 tbl-negotiation-status-authority: PASS
epub 36 1440 math-reservation-values: PASS
epub 36 1440 tbl-negotiation-range-offers: PASS
epub 36 390 math-reservation-values: PASS
epub 36 390 tbl-negotiation-range-offers: PASS
epub 37 1440 vietnamese-prunes: PASS
epub 37 1440 tbl-negotiation-sources-of-trade: PASS
epub 37 390 vietnamese-prunes: PASS
epub 37 390 tbl-negotiation-sources-of-trade: PASS
epub 38 1440 tbl-meso-service-menu: PASS
epub 38 1440 tbl-mpharm-packages: PASS
epub 38 1440 math-mpharm-contract: PASS
epub 38 1440 tbl-34-third-party-processes: PASS
epub 38 390 tbl-meso-service-menu: PASS
epub 38 390 tbl-mpharm-packages: PASS
epub 38 390 math-mpharm-contract: PASS
epub 38 390 tbl-34-third-party-processes: PASS
